[   0.0s] BETSY capability probe. READ-ONLY. 9 steps.
[   0.0s] budget 150s, per-command deadline 4.0s
[   0.0s] worst case if the car is asleep: aborts after step 1, about 24s
[   0.0s] 
[   0.0s] DRY RUN (answers), no hardware touched
[   0.0s] [1/9] 7E2 13B0 - GATE: bus alive, and is 7E2 clean?
[   0.1s]         raw: 5300
[   0.1s]         => OK: positive 53, 0 stored DTC(s) on 7E2. Bus alive.  [0.1s]
[   0.1s] 
[   0.1s] [2/9] 7E2 0100 - does 7E2 answer generic mode 01?  eta ~1s
[   0.2s]         raw: 4100FFE0FFE0
[   0.2s]         => YES: positive 41, supported-PID mask FFE0FFE0. 7E2 DOES answer generic mode 01. The 21C6 fallback can be deleted.  [0.1s]
[   0.2s] 
[   0.2s] [3/9] 7E2 0902 - does 7E2 answer generic mode 09 (VIN)?  eta ~1s
[   0.3s]         raw: NO DATA
[   0.3s]         => NO: silent. Mode 09 is not a usable liveness probe on 7E2 either.  [0.1s]
[   0.3s] 
[   0.3s] [4/9] 7E2 1200 - KWP readFreezeFrameData: does the service exist?  eta ~1s
[   0.4s]         raw: 7F1222
[   0.4s]         => YES: negative response, NRC 22: conditions not correct -> service 12 EXISTS, nothing stored to report  [0.1s]
[   0.4s] 
[   0.4s] [5/9] 7E2 12 - same, bare form, in case 1200 was a parameter error  eta ~1s
[   0.5s]         raw: 7F1212
[   0.5s]         => YES: negative response, NRC 12: subfunction not supported -> service 12 EXISTS, wrong parameters  [0.1s]
[   0.5s] 
[   0.5s] [6/9] 7E2 020200 - generic mode 02 freeze frame, PID 02 frame 0  eta ~0s
[   0.6s]         raw: NO DATA
[   0.6s]         => SILENT: silent. Expected on a car with no stored emissions DTC. Proves nothing.  [0.1s]
[   0.6s] 
[   0.6s] [7/9] 7E0 13B0 - is U0293 still stored on the ECM?  eta ~0s
[   0.7s]         raw: 5301C293
[   0.7s]         => STORED: positive 53, 1 stored DTC(s), raw ['C293']. A real DTC to probe against.  [0.1s]
[   0.7s] 
[   0.7s] [8/9] 7E0 03 - generic stored DTCs on the ECM  eta ~0s
[   0.9s]         raw: 430100
[   0.9s]         => OK: positive 43: 430100  [0.1s]
[   0.9s] 
[   0.9s] [9/9] 7E0 020200 - freeze frame on the ECM, against a real DTC if one is stored  eta ~0s
[   1.0s]         raw: 4202C293
[   1.0s]         => YES: POSITIVE 42, generic freeze frame exists: 4202C293  [0.1s]
[   1.0s] 
[   1.0s] ======================================================================
[   1.0s] SUMMARY
[   1.0s]   1. 7E2 13B0     OK      positive 53, 0 stored DTC(s) on 7E2. Bus alive.
[   1.0s]   2. 7E2 0100     YES     positive 41, supported-PID mask FFE0FFE0. 7E2 DOES answer generic mode
[   1.0s]   3. 7E2 0902     NO      silent. Mode 09 is not a usable liveness probe on 7E2 either.
[   1.0s]   4. 7E2 1200     YES     negative response, NRC 22: conditions not correct -> service 12 EXISTS
[   1.0s]   5. 7E2 12       YES     negative response, NRC 12: subfunction not supported -> service 12 EXI
[   1.0s]   6. 7E2 020200   SILENT  silent. Expected on a car with no stored emissions DTC. Proves nothing
[   1.0s]   7. 7E0 13B0     STORED  positive 53, 1 stored DTC(s), raw ['C293']. A real DTC to probe agains
[   1.0s]   8. 7E0 03       OK      positive 43: 430100
[   1.0s]   9. 7E0 020200   YES     POSITIVE 42, generic freeze frame exists: 4202C293
[   1.0s] ======================================================================
[   1.0s] WHAT THIS SETTLES
[   1.0s]   + 7E2 answers 0100. DELETE the 21C6 liveness fallback in DtcReader.
[   1.0s]   + a freeze-frame service EXISTS on this car. Worth building the read.
[   1.0s]   + ECM (7E0): positive 53, 1 stored DTC(s), raw ['C293']. A real DTC to probe agains
[   1.0s]   + freeze frame READ BACK against a real stored DTC. The mechanism works.
[   1.0s] ======================================================================
[   1.0s] RUN COMPLETE in 1s
