[   0.0s] FAULT-ACTIVE READ. READ-ONLY. 20 questions.
[   0.0s] 
[   0.0s]     session: unpair, re-pair (attempt 1/4) ...
[   9.6s]     session: connecting (attempt 1/4) ...
[  18.1s]     session: UP
[  18.1s] 
[  18.6s] [1/20] 7E2 13B0     SEARCHING... 53010571  <<< 1 DTC(s): ['0571'] >>>
[  18.9s] [2/20] 7E0 13B0     5301C293  <<< 1 DTC(s): ['C293'] >>>
[  19.1s] [3/20] 7E2 21C6     032 0:61C600000000 1:00000000000000 2:000000000000  (still all zero)
[  19.2s] [4/20] 7E2 21C7     032 0:61C780808080 1:0000049A417E00 2:615F5B5D7082  *** CHANGED FROM BASELINE, NON-ZERO ***
[  19.4s] [5/20] 7E2 21C8     032 0:61C800000000 1:00000000000000 2:000000000000  (still all zero)
[  19.5s] [6/20] 7E2 21C9     032 0:61C900000000 1:00000000000000 2:000000000000  (still all zero)
[  19.7s] [7/20] 7E2 21CA     032 0:61CA00000000 1:00000000000000 2:000000000000  (still all zero)
[  19.8s] [8/20] 7E2 020200   4202000000
[  19.9s] [9/20] 7E2 020000   420000581A8003
[  20.0s] [10/20] 7E2 020201   4202010571
[  20.2s] [11/20] 7E2 03       4300
[  20.3s] [12/20] 7E2 07       4700
[  20.4s] [13/20] 7E2 12       7F1212
[  20.6s] [14/20] 7E2 1200     7F1212
[  20.7s] [15/20] 7E2 1201     7F1212
[  20.9s] [16/20] 7E2 21CB     026 0:61CB00000000 1:00000000000000 2:000000000000
[  21.0s] [17/20] 7E2 21CC     032 0:61CC00000000 1:00000000000000 2:000000000000
[  21.2s] [18/20] 7E2 21D1     008 0:61D17E0103FF 1:0AE80000000000
[  21.3s] [19/20] 7E2 21D3     61D30000000C00
[  21.4s] [20/20] 7E2 0100     4100981A8013
[  21.4s] 
[  21.4s] ====================================================================
[  21.4s] *** INF TABLES CHANGED. This is the calibration data. ***
[  21.4s]   21C7  61C7808080800000049A417E00615F5B5D70820000A0AF00000000000000010073636B4A02615F5C639E6C665D659E9A801C
[  21.4s] ====================================================================
