[   0.0s] HARVEST. READ-ONLY. 100 questions, ordered most valuable first.
[   0.0s] writing harvest-20260813-140142.jsonl after every single answer
[   0.0s] 
[   0.0s] establishing first session ...
[   0.0s]     session: unpair, re-pair (attempt 1/4) ...
[  11.7s]     session: connecting (attempt 1/4) ...
[  27.0s]     session: cannot open port: [Errno 2] No such file or directory: '/dev/cu.OBDII'
[  27.0s]     session: unpair, re-pair (attempt 2/4) ...
[  37.5s]     session: connecting (attempt 2/4) ...
[  50.4s]     session: UP
[  50.4s] 
[  51.0s] [1/100] p1 7E0 12        bad subfunction   SEARCHING... 7F1212
[  51.4s] [2/100] p1 7E0 1200      bad subfunction   7F1212 eta ~60s
[  51.7s] [3/100] p1 7E0 1201      bad subfunction   7F1212 eta ~59s
[  52.0s] [4/100] p1 7E0 1202      bad subfunction   7F1212 eta ~32s
[  52.2s] [5/100] p1 7E0 1203      bad subfunction   7F1212 eta ~34s
[  52.4s] [6/100] p1 7E0 1204      bad subfunction   7F1212 eta ~31s
[  52.6s] [7/100] p1 7E0 1205      bad subfunction   7F1212 eta ~31s
[  52.8s] [8/100] p1 7E0 12C293    bad subfunction   7F1212 eta ~30s
[  53.1s] [9/100] p1 7E0 12C29300  bad subfunction   7F1212 eta ~30s
[  53.3s] [10/100] p1 7E0 12C29301  bad subfunction   7F1212 eta ~24s
[  53.5s] [11/100] p1 7E0 120000    bad subfunction   7F1212 eta ~23s
[  53.7s] [12/100] p1 7E0 1280      bad subfunction   7F1212 eta ~23s
[  54.0s] [13/100] p1 7E0 12FF      bad subfunction   7F1212 eta ~22s
[  54.1s] [14/100] p1 7E0 12FFFF00  bad subfunction   7F1212 eta ~20s
[  54.4s] [15/100] p2 7E2 12        bad subfunction   7F1212 eta ~19s
[  54.6s] [16/100] p2 7E2 1200      bad subfunction   7F1212 eta ~19s
[  54.7s] [17/100] p2 7E2 1201      bad subfunction   7F1212 eta ~19s
[  55.0s] [18/100] p2 7E2 1202      bad subfunction   7F1212 eta ~19s
[  55.2s] [19/100] p2 7E2 12C6      bad subfunction   7F1212 eta ~18s
[  55.3s] [20/100] p2 7E2 12C7      bad subfunction   7F1212 eta ~18s
[  55.5s] [21/100] p2 7E2 1280      bad subfunction   7F1212 eta ~18s
[  55.7s] [22/100] p2 7E2 12FF      bad subfunction   7F1212 eta ~16s
[  55.8s] [23/100] p3 7E0 020000    *** POSITIVE ***  4200007E1F8803 eta ~15s
[  56.2s] [24/100] p4 7E0 020100    silent            NO DATA eta ~15s
[  56.4s] [25/100] p4 7E0 020200    *** POSITIVE ***  420200C293 eta ~15s
[  56.5s] [26/100] p4 7E0 020300    *** POSITIVE ***  4203000100 eta ~15s
[  56.8s] [27/100] p4 7E0 020400    *** POSITIVE ***  42040000 eta ~14s
[  57.0s] [28/100] p4 7E0 020500    *** POSITIVE ***  4205004F eta ~14s
[  57.3s] [29/100] p4 7E0 020B00    silent            NO DATA eta ~14s
[  57.5s] [30/100] p4 7E0 020C00    *** POSITIVE ***  420C000000 eta ~14s
[  57.8s] [31/100] p4 7E0 020D00    *** POSITIVE ***  420D0000 eta ~14s
[  57.9s] [32/100] p4 7E0 020E00    *** POSITIVE ***  420E008A eta ~14s
[  58.2s] [33/100] p4 7E0 020F00    *** POSITIVE ***  420F004A eta ~13s
[  58.4s] [34/100] p4 7E0 021000    *** POSITIVE ***  421000000A eta ~13s
[  58.5s] [35/100] p4 7E0 021100    *** POSITIVE ***  42110025 eta ~13s
[  58.9s] [36/100] p4 7E0 021C00    silent            NO DATA eta ~13s
[  59.1s] [37/100] p4 7E0 021F00    *** POSITIVE ***  421F000000 eta ~13s
[  59.3s] [38/100] p4 7E0 022000    *** POSITIVE ***  4220001005E015 eta ~12s
[  59.7s] [39/100] p4 7E0 022100    silent            NO DATA eta ~12s
[  60.0s] [40/100] p4 7E0 022F00    silent            NO DATA eta ~12s
[  60.2s] [41/100] p4 7E0 023100    *** POSITIVE ***  423100003E eta ~12s
[  60.5s] [42/100] p4 7E0 023300    *** POSITIVE ***  42330064 eta ~12s
[  60.6s] [43/100] p4 7E0 024200    *** POSITIVE ***  4242002BB7 eta ~13s
[  60.8s] [44/100] p4 7E0 024300    *** POSITIVE ***  4243000000 eta ~11s
[  61.0s] [45/100] p4 7E0 024400    *** POSITIVE ***  42440049F7 eta ~11s
[  61.2s] [46/100] p5 7E0 020201    *** POSITIVE ***  420201C293 eta ~11s
[  61.4s] [47/100] p5 7E0 020202    bad subfunction   7F0212 eta ~12s
[  61.6s] [48/100] p6 7E2 0100      *** POSITIVE ***  4100981A8013 eta ~10s
[  61.8s] [49/100] p6 7E2 0120      *** POSITIVE ***  412080018001 eta ~11s
[  62.1s] [50/100] p6 7E2 0140      *** POSITIVE ***  4140C4CC0000 eta ~11s
[  62.4s] [51/100] p6 7E2 0160      silent            NO DATA eta ~11s
[  62.7s] [52/100] p6 7E2 0900      *** POSITIVE ***  4900FC000000 eta ~11s
[  62.8s] [53/100] p6 7E0 0100      *** POSITIVE ***  4100BE1FA813 eta ~10s
[  63.0s] [54/100] p6 7E0 0120      *** POSITIVE ***  41209005E015 eta ~10s
[  63.2s] [55/100] p6 7E0 0140      *** POSITIVE ***  4140FE1C2000 eta ~10s
[  63.3s] [56/100] p7 7E2 1900      no such service   7F1911 eta ~9s
[  63.5s] [57/100] p7 7E2 1902      no such service   7F1911 eta ~9s
[  63.7s] [58/100] p7 7E2 190A      no such service   7F1911 eta ~9s
[  63.9s] [59/100] p7 7E2 1800      no such service   7F1811 eta ~9s
[  64.1s] [60/100] p7 7E2 18FF00    no such service   7F1811 eta ~8s
[  64.3s] [61/100] p7 7E2 17        no such service   7F1711 eta ~8s
[  64.6s] [62/100] p7 7E2 1700      no such service   7F1711 eta ~8s
[  64.7s] [63/100] p7 7E0 1902      no such service   7F1911 eta ~8s
[  64.9s] [64/100] p7 7E0 18FF00    no such service   7F1811 eta ~7s
[  65.2s] [65/100] p8 7E2 21C0      *** POSITIVE ***  61C0F7F0A001 eta ~8s
[  65.4s] [66/100] p8 7E2 21C1      *** POSITIVE ***  014 0:61C14E485732 1:302020314E5A46 2:58450400 eta ~7s
[  65.6s] [67/100] p8 7E2 21C2      *** POSITIVE ***  00A 0:61C234373231 1:32000005000000 eta ~7s
[  65.8s] [68/100] p8 7E2 21C3      *** POSITIVE ***  027 0:61C34000104A 1:000050D60F3602 2:6004B004 eta ~7s
[  66.0s] [69/100] p8 7E2 21C4      *** POSITIVE ***  011 0:61C41000006C 1:4D77A20604847C 2:FF40003B eta ~7s
[  66.3s] [70/100] p8 7E2 21C5      silent            NO DATA eta ~6s
[  66.5s] [71/100] p8 7E2 21C6      *** POSITIVE ***  032 0:61C600000000 1:00000000000000 2:00000000 eta ~6s
[  66.7s] [72/100] p8 7E2 21C7      *** POSITIVE ***  032 0:61C780808080 1:0000049A417E00 2:615F5B5D eta ~6s
[  66.9s] [73/100] p8 7E2 21C8      *** POSITIVE ***  032 0:61C800000000 1:00000000000000 2:00000000 eta ~6s
[  67.1s] [74/100] p8 7E2 21C9      *** POSITIVE ***  032 0:61C900000000 1:00000000000000 2:00000000 eta ~6s
[  67.3s] [75/100] p8 7E2 21CA      *** POSITIVE ***  032 0:61CA00000000 1:00000000000000 2:00000000 eta ~5s
[  67.5s] [76/100] p8 7E2 21CB      *** POSITIVE ***  026 0:61CB00000000 1:00000000000000 2:00010501 eta ~5s
[  67.8s] [77/100] p8 7E2 21CC      *** POSITIVE ***  032 0:61CC00000000 1:00000000000000 2:00000000 eta ~5s
[  68.1s] [78/100] p8 7E2 21CD      silent            NO DATA eta ~5s
[  68.5s] [79/100] p8 7E2 21CE      silent            NO DATA eta ~5s
[  69.0s] [80/100] p8 7E2 21CF      silent            NO DATA eta ~4s
[  69.4s] [81/100] p8 7E2 21D0      silent            NO DATA eta ~4s
[  69.4s]     !! link lost, rebuilding session (rebuild #1)
[  69.4s]     session: unpair, re-pair (attempt 1/4) ...
[  80.1s]     session: connecting (attempt 1/4) ...
[  90.6s]     session: UP
[  91.1s] [82/100] p8 7E2 21D1      *** POSITIVE ***  SEARCHING... 008 0:61D17E0103FF 1:0AE800000000 eta ~4s
[  91.5s] [83/100] p8 7E2 21D2      silent            NO DATA eta ~4s
[  91.9s] [84/100] p8 7E2 21D3      *** POSITIVE ***  61D30000008000 eta ~4s
[  92.2s] [85/100] p8 7E2 21D4      silent            NO DATA eta ~3s
[  92.5s] [86/100] p8 7E2 21D5      silent            NO DATA eta ~3s
[  92.9s] [87/100] p8 7E2 21D6      silent            NO DATA eta ~3s
[  93.3s] [88/100] p8 7E2 21D7      silent            NO DATA eta ~3s
[  93.3s]     !! link lost, rebuilding session (rebuild #2)
[  93.3s]     session: unpair, re-pair (attempt 1/4) ...
[ 104.2s]     session: connecting (attempt 1/4) ...
[ 114.6s]     session: UP
[ 115.1s] [89/100] p8 7E2 21D8      silent            SEARCHING... NO DATA eta ~3s
[ 115.5s] [90/100] p8 7E2 21D9      silent            NO DATA eta ~2s
[ 115.9s] [91/100] p8 7E2 21DA      silent            NO DATA eta ~2s
[ 116.3s] [92/100] p8 7E2 21DB      silent            NO DATA eta ~2s
[ 116.3s]     !! link lost, rebuilding session (rebuild #3)
[ 116.3s]     session: unpair, re-pair (attempt 1/4) ...
[ 127.0s]     session: connecting (attempt 1/4) ...
[ 141.8s]     session: cannot open port: [Errno 2] No such file or directory: '/dev/cu.OBDII'
[ 141.8s]     session: unpair, re-pair (attempt 2/4) ...
[ 152.6s]     session: connecting (attempt 2/4) ...
[ 162.9s]     session: UP
[ 163.4s] [93/100] p8 7E2 21DC      silent            SEARCHING... NO DATA eta ~2s
[ 163.8s] [94/100] p8 7E2 21DD      silent            NO DATA eta ~2s
[ 164.2s] [95/100] p8 7E2 21DE      silent            NO DATA eta ~1s
[ 164.5s] [96/100] p8 7E2 21DF      silent            NO DATA eta ~1s
[ 164.5s]     !! link lost, rebuilding session (rebuild #4)
[ 164.5s]     session: unpair, re-pair (attempt 1/4) ...
[ 175.1s]     session: connecting (attempt 1/4) ...
[ 185.5s]     session: UP
[ 186.1s] [97/100] p9 7E3 1380      *** POSITIVE ***  SEARCHING... 5300 eta ~1s
[ 186.4s] [98/100] p9 7E3 21C0      *** POSITIVE ***  61C000070001 eta ~1s
[ 186.8s] [99/100] p9 7E3 21C1      silent            NO DATA eta ~0s
[ 187.0s] [100/100] p9 7E3 21CE      *** POSITIVE ***  021 0:61CE63837A86 1:40863E863A863C 2:863D8640 eta ~0s
[ 187.0s] 
[ 187.0s] ========================================================================
[ 187.0s] HARVEST COMPLETE: 100/100 answered in 187s, 4 rebuild(s)
[ 187.0s] 
[ 187.0s] POSITIVES (the things that answered with data):
[ 187.0s]   7E0 020000    4200007E1F8803
[ 187.0s]   7E0 020200    420200C293
[ 187.0s]   7E0 020300    4203000100
[ 187.0s]   7E0 020400    42040000
[ 187.0s]   7E0 020500    4205004F
[ 187.0s]   7E0 020C00    420C000000
[ 187.0s]   7E0 020D00    420D0000
[ 187.0s]   7E0 020E00    420E008A
[ 187.0s]   7E0 020F00    420F004A
[ 187.0s]   7E0 021000    421000000A
[ 187.0s]   7E0 021100    42110025
[ 187.0s]   7E0 021F00    421F000000
[ 187.0s]   7E0 022000    4220001005E015
[ 187.0s]   7E0 023100    423100003E
[ 187.0s]   7E0 023300    42330064
[ 187.0s]   7E0 024200    4242002BB7
[ 187.0s]   7E0 024300    4243000000
[ 187.0s]   7E0 024400    42440049F7
[ 187.0s]   7E0 020201    420201C293
[ 187.0s]   7E2 0100      4100981A8013
[ 187.0s]   7E2 0120      412080018001
[ 187.0s]   7E2 0140      4140C4CC0000
[ 187.0s]   7E2 0900      4900FC000000
[ 187.0s]   7E0 0100      4100BE1FA813
[ 187.0s]   7E0 0120      41209005E015
[ 187.0s]   7E0 0140      4140FE1C2000
[ 187.0s]   7E2 21C0      61C0F7F0A001
[ 187.0s]   7E2 21C1      61C14E485732302020314E5A4658450400416A20
[ 187.0s]   7E2 21C2      61C23437323132000005
[ 187.0s]   7E2 21C3      61C34000104A000050D60F36026004B004A00080784162008003776F69727200
[ 187.0s]   7E2 21C4      61C41000006C4D77A20604847CFF40003B
[ 187.0s]   7E2 21C6      61C6000000000000000000000000000000000000000000000000000000000000
[ 187.0s]   7E2 21C7      61C7808080800000049A417E00615F5B5D70820000A0AF000000000000000100
[ 187.0s]   7E2 21C8      61C8000000000000000000000000000000000000000000000000000000000000
[ 187.0s]   7E2 21C9      61C9000000000000000000000000000000000000000000000000000000000000
[ 187.0s]   7E2 21CA      61CA000000000000000000000000000000000000000000000000000000000000
[ 187.0s]   7E2 21CB      61CB000000000000000000000000010501060000000000000000000000000000
[ 187.0s]   7E2 21CC      61CC000000000000000000000000000000000000000000000000000000000000
[ 187.0s]   7E2 21D1      61D17E0103FF0AE8
[ 187.0s]   7E2 21D3      61D30000008000
[ 187.0s]   7E3 1380      5300
[ 187.0s]   7E3 21C0      61C000070001
[ 187.0s]   7E3 21CE      61CE63837A8640863E863A863C863D8640863B863B863B864086398634863886
[ 187.0s] 
[ 187.0s] SERVICE 12 (freeze frame) RESULTS:
[ 187.0s]   7E0 12        bad subfunction   SEARCHING... 7F1212
[ 187.0s]   7E0 1200      bad subfunction   7F1212
[ 187.0s]   7E0 1201      bad subfunction   7F1212
[ 187.0s]   7E0 1202      bad subfunction   7F1212
[ 187.0s]   7E0 1203      bad subfunction   7F1212
[ 187.0s]   7E0 1204      bad subfunction   7F1212
[ 187.0s]   7E0 1205      bad subfunction   7F1212
[ 187.0s]   7E0 12C293    bad subfunction   7F1212
[ 187.0s]   7E0 12C29300  bad subfunction   7F1212
[ 187.0s]   7E0 12C29301  bad subfunction   7F1212
[ 187.0s]   7E0 120000    bad subfunction   7F1212
[ 187.0s]   7E0 1280      bad subfunction   7F1212
[ 187.0s]   7E0 12FF      bad subfunction   7F1212
[ 187.0s]   7E0 12FFFF00  bad subfunction   7F1212
[ 187.0s]   7E2 12        bad subfunction   7F1212
[ 187.0s]   7E2 1200      bad subfunction   7F1212
[ 187.0s]   7E2 1201      bad subfunction   7F1212
[ 187.0s]   7E2 1202      bad subfunction   7F1212
[ 187.0s]   7E2 12C6      bad subfunction   7F1212
[ 187.0s]   7E2 12C7      bad subfunction   7F1212
[ 187.0s]   7E2 1280      bad subfunction   7F1212
[ 187.0s]   7E2 12FF      bad subfunction   7F1212
[ 187.0s] ========================================================================
