[   0.0s] # read-only INF probe on /dev/cu.OBDII
[   0.0s] >> ATZ
[   1.0s] << ELM327 v1.5
[   1.0s]    adapter awake after 1 attempt(s)
[   1.0s] >> ATE0
[   1.1s] << ATE0 OK
[   1.2s] >> ATL0
[   1.3s] << OK
[   1.4s] >> ATS0
[   1.5s] << OK
[   1.6s] >> ATH0
[   1.7s] << OK
[   1.8s] >> ATSP0
[   1.9s] << OK
[   2.0s] >> ATSTFF
[   2.1s] << OK
[   2.2s] # plan: sweep — 38 exchanges
[   2.2s] [1/38] 7E2 21C0 — identifier sweep 0xc0
[   2.2s] >> ATSH7E2
[   2.3s] << OK
[   2.3s] >> 21C0
[   4.4s] << SEARCHING... 61C0F7F0A001
[   4.4s]       => POSITIVE 61. payload 4 bytes  (layout predicts 57 — 4 means a different generation/table)
[   4.6s] [2/38] 7E2 21C1 — identifier sweep 0xc1
[   4.6s] >> ATSH7E2
[   4.7s] << OK
[   4.7s] >> 21C1
[   5.8s] << 014 0:61C14E485732 1:302020314E5A46 2:58450400416A20
[   5.8s]       => POSITIVE 61. payload 18 bytes  (layout predicts 57 — 18 means a different generation/table)
[   6.0s] [3/38] 7E2 21C2 — identifier sweep 0xc2
[   6.0s] >> ATSH7E2
[   6.0s] << OK
[   6.0s] >> 21C2
[   6.1s] << 00A 0:61C234373231 1:32000005000000
[   6.1s]       => POSITIVE 61. payload 8 bytes  (layout predicts 57 — 8 means a different generation/table)
[   6.3s] [4/38] 7E2 21C3 — identifier sweep 0xc3
[   6.3s] >> ATSH7E2
[   6.4s] << OK
[   6.4s] >> 21C3
[   6.5s] << 027 0:61C33FFF0FA0 1:00003FFF0FA000 2:00000000000080 3:6B417A0080005F 4:5E595A6900827A 5:7A4A4C01800000
[   6.5s]       => POSITIVE 61. payload 37 bytes  (layout predicts 57 — 37 means a different generation/table)
[   6.7s] [5/38] 7E2 21C4 — identifier sweep 0xc4
[   6.7s] >> ATSH7E2
[   6.8s] << OK
[   6.8s] >> 21C4
[   6.9s] << 011 0:61C400400064 1:46625F06048080 2:FF20001D000000
[   6.9s]       => POSITIVE 61. payload 15 bytes  (layout predicts 57 — 15 means a different generation/table)
[   7.1s] [6/38] 7E2 21C5 — identifier sweep 0xc5
[   7.1s] >> ATSH7E2
[   7.2s] << OK
[   7.2s] >> 21C5
[   8.3s] << NO DATA
[   8.3s]       => NO DATA / silence — discriminates nothing
[   8.5s] [7/38] 7E2 21C6 — identifier sweep 0xc6
[   8.5s] >> ATSH7E2
[   8.6s] << OK
[   8.6s] >> 21C6
[   8.7s] << 032 0:61C600000000 1:00000000000000 2:00000000000000 3:00000000000000 4:00000000000000 5:00000000000000 6:00000000000000 7:00000000000000
[   8.7s]       => POSITIVE 61. payload 48 bytes  (layout predicts 57 — 48 means a different generation/table); all zero (expected on a fault-free car)
[   8.9s] [8/38] 7E2 21C7 — identifier sweep 0xc7
[   8.9s] >> ATSH7E2
[   8.9s] << OK
[   8.9s] >> 21C7
[   9.0s] << 032 0:61C700000000 1:00000000000000 2:00000000000000 3:00000000000000 4:00000000000000 5:00000000000000 6:00000000000000 7:00000000000000
[   9.0s]       => POSITIVE 61. payload 48 bytes  (layout predicts 57 — 48 means a different generation/table); all zero (expected on a fault-free car)
[   9.2s] [9/38] 7E2 21C8 — identifier sweep 0xc8
[   9.2s] >> ATSH7E2
[   9.3s] << OK
[   9.3s] >> 21C8
[   9.4s] << 032 0:61C800000000 1:00000000000000 2:00000000000000 3:00000000000000 4:00000000000000 5:00000000000000 6:00000000000000 7:00000000000000
[   9.4s]       => POSITIVE 61. payload 48 bytes  (layout predicts 57 — 48 means a different generation/table); all zero (expected on a fault-free car)
[   9.6s] [10/38] 7E2 21C9 — identifier sweep 0xc9
[   9.6s] >> ATSH7E2
[   9.7s] << OK
[   9.7s] >> 21C9
[   9.7s] << 032 0:61C900000000 1:00000000000000 2:00000000000000 3:00000000000000 4:00000000000000 5:00000000000000 6:00000000000000 7:00000000000000
[   9.7s]       => POSITIVE 61. payload 48 bytes  (layout predicts 57 — 48 means a different generation/table); all zero (expected on a fault-free car)
[   9.9s] [11/38] 7E2 21CA — identifier sweep 0xca
[   9.9s] >> ATSH7E2
[  10.0s] << OK
[  10.0s] >> 21CA
[  10.0s] << 032 0:61CA00000000 1:00000000000000 2:00000000000000 3:00000000000000 4:00000000000000 5:00000000000000 6:00000000000000 7:00000000000000
[  10.0s]       => POSITIVE 61. payload 48 bytes  (layout predicts 57 — 48 means a different generation/table); all zero (expected on a fault-free car)
[  10.2s] [12/38] 7E2 21CB — identifier sweep 0xcb
[  10.3s] >> ATSH7E2
[  10.3s] << OK
[  10.3s] >> 21CB
[  10.4s] << 026 0:61CB00000000 1:00000000000000 2:00010200000000 3:00000000000000 4:00000000000000 5:00000000000000
[  10.4s]       => POSITIVE 61. payload 36 bytes  (layout predicts 57 — 36 means a different generation/table)
[  10.6s] [13/38] 7E2 21CC — identifier sweep 0xcc
[  10.6s] >> ATSH7E2
[  10.7s] << OK
[  10.7s] >> 21CC
[  10.8s] << 032 0:61CC00000000 1:00000000000000 2:00000000000000 3:00000000000000 4:00000000000000 5:04020105000000 6:00010600000000 7:00000000000000
[  10.8s]       => POSITIVE 61. payload 48 bytes  (layout predicts 57 — 48 means a different generation/table)
[  11.0s] [14/38] 7E2 21CD — identifier sweep 0xcd
[  11.0s] >> ATSH7E2
[  11.0s] << OK
[  11.0s] >> 21CD
[  12.1s] << NO DATA
[  12.1s]       => NO DATA / silence — discriminates nothing
[  12.3s] [15/38] 7E2 21CE — identifier sweep 0xce
[  12.3s] >> ATSH7E2
[  12.4s] << OK
[  12.4s] >> 21CE
[  13.5s] << NO DATA
[  13.5s]       => NO DATA / silence — discriminates nothing
[  13.7s] [16/38] 7E2 21CF — identifier sweep 0xcf
[  13.7s] >> ATSH7E2
[  13.8s] << OK
[  13.8s] >> 21CF
[  14.8s] << NO DATA
[  14.8s]       => NO DATA / silence — discriminates nothing
[  15.0s] [17/38] 7E2 21D0 — identifier sweep 0xd0
[  15.0s] >> ATSH7E2
[  15.1s] << OK
[  15.1s] >> 21D0
[  16.2s] << NO DATA
[  16.2s]       => NO DATA / silence — discriminates nothing
[  16.4s] [18/38] 7E2 21D1 — identifier sweep 0xd1
[  16.4s] >> ATSH7E2
[  16.4s] << OK
[  16.4s] >> 21D1
[  16.5s] << 008 0:61D17E0103FF 1:0AE80000000000
[  16.5s]       => POSITIVE 61. payload 6 bytes  (layout predicts 57 — 6 means a different generation/table)
[  16.7s] [19/38] 7E2 21D2 — identifier sweep 0xd2
[  16.7s] >> ATSH7E2
[  16.8s] << OK
[  16.8s] >> 21D2
[  17.8s] << NO DATA
[  17.8s]       => NO DATA / silence — discriminates nothing
[  18.0s] [20/38] 7E2 21D3 — identifier sweep 0xd3
[  18.0s] >> ATSH7E2
[  18.1s] << OK
[  18.1s] >> 21D3
[  18.2s] << 61D30000000000
[  18.2s]       => POSITIVE 61. payload 5 bytes  (layout predicts 57 — 5 means a different generation/table); all zero (expected on a fault-free car)
[  18.4s] [21/38] 7E2 21D4 — identifier sweep 0xd4
[  18.4s] >> ATSH7E2
[  18.4s] << OK
[  18.4s] >> 21D4
[  19.6s] << NO DATA
[  19.6s]       => NO DATA / silence — discriminates nothing
[  19.8s] [22/38] 7E2 21D5 — identifier sweep 0xd5
[  19.8s] >> ATSH7E2
[  19.8s] << OK
[  19.8s] >> 21D5
[  20.9s] << NO DATA
[  20.9s]       => NO DATA / silence — discriminates nothing
[  21.1s] [23/38] 7E2 21D6 — identifier sweep 0xd6
[  21.1s] >> ATSH7E2
[  21.2s] << OK
[  21.2s] >> 21D6
[  22.3s] << NO DATA
[  22.3s]       => NO DATA / silence — discriminates nothing
[  22.5s] [24/38] 7E2 21D7 — identifier sweep 0xd7
[  22.5s] >> ATSH7E2
[  22.5s] << OK
[  22.5s] >> 21D7
[  23.6s] << NO DATA
[  23.6s]       => NO DATA / silence — discriminates nothing
[  23.8s] [25/38] 7E2 21D8 — identifier sweep 0xd8
[  23.8s] >> ATSH7E2
[  23.9s] << OK
[  23.9s] >> 21D8
[  24.9s] << NO DATA
[  24.9s]       => NO DATA / silence — discriminates nothing
[  25.1s] [26/38] 7E2 21D9 — identifier sweep 0xd9
[  25.1s] >> ATSH7E2
[  25.2s] << OK
[  25.2s] >> 21D9
[  26.3s] << NO DATA
[  26.3s]       => NO DATA / silence — discriminates nothing
[  26.5s] [27/38] 7E2 21DA — identifier sweep 0xda
[  26.5s] >> ATSH7E2
[  26.6s] << OK
[  26.6s] >> 21DA
[  27.6s] << NO DATA
[  27.6s]       => NO DATA / silence — discriminates nothing
[  27.9s] [28/38] 7E2 21DB — identifier sweep 0xdb
[  27.9s] >> ATSH7E2
[  27.9s] << OK
[  27.9s] >> 21DB
[  29.0s] << NO DATA
[  29.0s]       => NO DATA / silence — discriminates nothing
[  29.2s] [29/38] 7E2 21DC — identifier sweep 0xdc
[  29.2s] >> ATSH7E2
[  29.3s] << OK
[  29.3s] >> 21DC
[  30.3s] << NO DATA
[  30.3s]       => NO DATA / silence — discriminates nothing
[  30.5s] [30/38] 7E2 21DD — identifier sweep 0xdd
[  30.5s] >> ATSH7E2
[  30.6s] << OK
[  30.6s] >> 21DD
[  31.7s] << NO DATA
[  31.7s]       => NO DATA / silence — discriminates nothing
[  31.9s] [31/38] 7E2 21DE — identifier sweep 0xde
[  31.9s] >> ATSH7E2
[  31.9s] << OK
[  31.9s] >> 21DE
[  33.0s] << NO DATA
[  33.0s]       => NO DATA / silence — discriminates nothing
[  33.2s] [32/38] 7E2 21DF — identifier sweep 0xdf
[  33.2s] >> ATSH7E2
[  33.3s] << OK
[  33.3s] >> 21DF
[  34.3s] << NO DATA
[  34.3s]       => NO DATA / silence — discriminates nothing
[  34.5s] [33/38] 7E2 21E0 — identifier sweep 0xe0
[  34.5s] >> ATSH7E2
[  34.6s] << OK
[  34.6s] >> 21E0
[  34.7s] << 61E0E0000004
[  34.7s]       => POSITIVE 61. payload 4 bytes  (layout predicts 57 — 4 means a different generation/table)
[  34.9s] [34/38] 7E2 21E1 — identifier sweep 0xe1
[  34.9s] >> ATSH7E2
[  35.0s] << OK
[  35.0s] >> 21E1
[  35.0s] << 61E10000
[  35.0s]       => POSITIVE 61. payload 2 bytes  (layout predicts 57 — 2 means a different generation/table); all zero (expected on a fault-free car)
[  35.2s] [35/38] 7E2 21E2 — identifier sweep 0xe2
[  35.2s] >> ATSH7E2
[  35.3s] << OK
[  35.3s] >> 21E2
[  35.4s] << 61E2FFF3D9F340
[  35.4s]       => POSITIVE 61. payload 5 bytes  (layout predicts 57 — 5 means a different generation/table)
[  35.6s] [36/38] 7E2 21E3 — identifier sweep 0xe3
[  35.6s] >> ATSH7E2
[  35.6s] << OK
[  35.6s] >> 21E3
[  35.7s] << 61E300
[  35.7s]       => POSITIVE 61. payload 1 bytes  (layout predicts 57 — 1 means a different generation/table); all zero (expected on a fault-free car)
[  35.9s] [37/38] 7E2 21E4 — identifier sweep 0xe4
[  35.9s] >> ATSH7E2
[  35.9s] << OK
[  35.9s] >> 21E4
[  37.0s] << NO DATA
[  37.0s]       => NO DATA / silence — discriminates nothing
[  37.2s] [38/38] 7E2 21E5 — identifier sweep 0xe5
[  37.2s] >> ATSH7E2
[  37.3s] << OK
[  37.3s] >> 21E5
[  38.4s] << NO DATA
[  38.4s]       => NO DATA / silence — discriminates nothing
[  38.6s] 
[  38.6s] ========================================================================
[  38.6s] SUMMARY
[  38.6s]   7E2 21C0           POSITIVE 61. payload 4 bytes  (layout predicts 57 — 4 means a different generation/table)
[  38.6s]   7E2 21C1           POSITIVE 61. payload 18 bytes  (layout predicts 57 — 18 means a different generation/table)
[  38.6s]   7E2 21C2           POSITIVE 61. payload 8 bytes  (layout predicts 57 — 8 means a different generation/table)
[  38.6s]   7E2 21C3           POSITIVE 61. payload 37 bytes  (layout predicts 57 — 37 means a different generation/table)
[  38.6s]   7E2 21C4           POSITIVE 61. payload 15 bytes  (layout predicts 57 — 15 means a different generation/table)
[  38.6s]   7E2 21C5           NO DATA / silence — discriminates nothing
[  38.6s]   7E2 21C6           POSITIVE 61. payload 48 bytes  (layout predicts 57 — 48 means a different generation/table); all zero (expected on a fault-free car)
[  38.6s]   7E2 21C7           POSITIVE 61. payload 48 bytes  (layout predicts 57 — 48 means a different generation/table); all zero (expected on a fault-free car)
[  38.6s]   7E2 21C8           POSITIVE 61. payload 48 bytes  (layout predicts 57 — 48 means a different generation/table); all zero (expected on a fault-free car)
[  38.6s]   7E2 21C9           POSITIVE 61. payload 48 bytes  (layout predicts 57 — 48 means a different generation/table); all zero (expected on a fault-free car)
[  38.6s]   7E2 21CA           POSITIVE 61. payload 48 bytes  (layout predicts 57 — 48 means a different generation/table); all zero (expected on a fault-free car)
[  38.6s]   7E2 21CB           POSITIVE 61. payload 36 bytes  (layout predicts 57 — 36 means a different generation/table)
[  38.6s]   7E2 21CC           POSITIVE 61. payload 48 bytes  (layout predicts 57 — 48 means a different generation/table)
[  38.6s]   7E2 21CD           NO DATA / silence — discriminates nothing
[  38.6s]   7E2 21CE           NO DATA / silence — discriminates nothing
[  38.6s]   7E2 21CF           NO DATA / silence — discriminates nothing
[  38.6s]   7E2 21D0           NO DATA / silence — discriminates nothing
[  38.6s]   7E2 21D1           POSITIVE 61. payload 6 bytes  (layout predicts 57 — 6 means a different generation/table)
[  38.6s]   7E2 21D2           NO DATA / silence — discriminates nothing
[  38.6s]   7E2 21D3           POSITIVE 61. payload 5 bytes  (layout predicts 57 — 5 means a different generation/table); all zero (expected on a fault-free car)
[  38.6s]   7E2 21D4           NO DATA / silence — discriminates nothing
[  38.6s]   7E2 21D5           NO DATA / silence — discriminates nothing
[  38.6s]   7E2 21D6           NO DATA / silence — discriminates nothing
[  38.6s]   7E2 21D7           NO DATA / silence — discriminates nothing
[  38.6s]   7E2 21D8           NO DATA / silence — discriminates nothing
[  38.6s]   7E2 21D9           NO DATA / silence — discriminates nothing
[  38.6s]   7E2 21DA           NO DATA / silence — discriminates nothing
[  38.6s]   7E2 21DB           NO DATA / silence — discriminates nothing
[  38.6s]   7E2 21DC           NO DATA / silence — discriminates nothing
[  38.6s]   7E2 21DD           NO DATA / silence — discriminates nothing
[  38.6s]   7E2 21DE           NO DATA / silence — discriminates nothing
[  38.6s]   7E2 21DF           NO DATA / silence — discriminates nothing
[  38.6s]   7E2 21E0           POSITIVE 61. payload 4 bytes  (layout predicts 57 — 4 means a different generation/table)
[  38.6s]   7E2 21E1           POSITIVE 61. payload 2 bytes  (layout predicts 57 — 2 means a different generation/table); all zero (expected on a fault-free car)
[  38.6s]   7E2 21E2           POSITIVE 61. payload 5 bytes  (layout predicts 57 — 5 means a different generation/table)
[  38.6s]   7E2 21E3           POSITIVE 61. payload 1 bytes  (layout predicts 57 — 1 means a different generation/table); all zero (expected on a fault-free car)
[  38.6s]   7E2 21E4           NO DATA / silence — discriminates nothing
[  38.6s]   7E2 21E5           NO DATA / silence — discriminates nothing
[  38.6s] ========================================================================
[  38.6s] WHAT THIS MEANS
[  38.6s]   ! 21CE on 7E3 did not answer — adapter/bus problem, not an ECU result. Nothing below is trustworthy.
[  38.6s]   + table 5 (INF 6xx): ANSWERS. payload 48 bytes
[  38.6s] ========================================================================
[  38.6s] log:  captures/probe-20260808-215309.log
[  38.6s] json: captures/probe-20260808-215309.json   <- bring this home for deeper analysis
